
[DIR] Project root: Project-root


============================================================
python : Traceback (most recent call last):
At line:1 char:1
+ python enhanced_project_auditor.py Project-root > test_output.txt 2>& ...
+ ~~~~~~~~~~~~~~~~~~~~~~~~~~~~~~~~~~~~~~~~~~~~~~~~~~~~~~~~~~~~~~~~~~~~~
    + CategoryInfo          : NotSpecified: (Traceback (most recent call last)::String) [], RemoteException
    + FullyQualifiedErrorId : NativeCommandError
 
  File "C:\Users\erkar\OneDrive\Desktop\MTC\enhanced_project_auditor.py", line 1666, in <module>
    main()
    ~~~~^^
  File "C:\Users\erkar\OneDrive\Desktop\MTC\enhanced_project_auditor.py", line 1548, in main
    results = auditor.run_audit()
  File "C:\Users\erkar\OneDrive\Desktop\MTC\enhanced_project_auditor.py", line 1455, in run_audit
    print("\U0001f680 Starting Comprehensive Flask Project Audit v3.0")
    ~~~~~^^^^^^^^^^^^^^^^^^^^^^^^^^^^^^^^^^^^^^^^^^^^^^^^^^^^^^
  File "C:\Users\erkar\AppData\Local\Programs\Python\Python313\Lib\encodings\cp1252.py", line 19, in encode
    return codecs.charmap_encode(input,self.errors,encoding_table)[0]
           ~~~~~~~~~~~~~~~~~~~~~^^^^^^^^^^^^^^^^^^^^^^^^^^^^^^^^^^
UnicodeEncodeError: 'charmap' codec can't encode character '\U0001f680' in position 0: character maps to <undefined>
